// Jest Snapshot v1, https://goo.gl/fbAQLP

exports[`Aligner Component describes Bluedot style 1`] = `
.c0 {
  left: 18%;
  right: 0%;
  top: 90%;
  bottom: 0%;
  position: absolute;
  height: 20%;
  width: 100%;
  background-color: blue;
  border-radius: 100px;
}

<div
  className="c0"
/>
`;
