// Jest Snapshot v1, https://goo.gl/fbAQLP

exports[`Spinbutton Component describes Now style 1`] = `
.c0 {
  display: flex;
  justify-content: space-evenly;
  align-items: flex-end;
  margin: 0px;
  width: 100%;
  height: 100px;
  border-bottom: 1px solid black;
  font-size: 30px;
  background-color: #00ff00;
  border-top-left-radius: 106px;
  border-top-right-radius: 110px;
  color: black;
}

<button
  className="c0"
/>
`;

exports[`Spinbutton Component describes Score style 1`] = `
.c0 {
  font-size: 28px;
  color: black;
}

<p
  className="c0"
/>
`;

exports[`Spinbutton Component describes Spin style 1`] = `
.c0 {
  display: flex;
  flex-direction: column;
  align-items: center;
}

<div
  className="c0"
/>
`;
