// Jest Snapshot v1, https://goo.gl/fbAQLP

exports[`Ciclefucks Component Drawoutspan style 1`] = `
.c0 {
  display: flex;
  justify-content: baseline;
  align-content: center;
  margin: 1%;
  width: 100%;
  height: 50%;
  align-items: flex-end;
  transform: rotate(-40deg);
}

<span
  className="c0"
/>
`;

exports[`Ciclefucks Component Fucksr style 1`] = `
.c0 {
  display: flex;
  flex-direction: row;
  justify-content: center;
  align-content: space-evenly;
  width: 100%;
  height: 100%;
  position: absolute;
  top: 50%;
}

<div
  className="c0"
/>
`;

exports[`Ciclefucks Component describes Drawout style 1`] = `
.c0 {
  padding: 0%;
  margin: 0%;
  width: 50%;
  height: 50%;
  border-top-left-radius: 100px;
  border: 1px solid black;
  transform: rotate();
}

<p
  className="c0"
/>
`;
